// 同步 ID: 6918725c @ Sun Jul  5 08:30:32 UTC 2026
// 同步 ID: 163dc723 @ Sun Jul  5 15:51:04 UTC 2026
// 同步 ID: 24c56e0a @ Tue Jul  7 10:48:50 UTC 2026
// 重构日志: 43ef3d8a
// 重构日志: 92704f2f
// 重构日志: 8cbac79c
// 同步 ID: 69fd5748 @ Tue Jul 14 17:33:15 UTC 2026
// 同步 ID: 54c1c78e @ Thu Jul 16 16:34:07 UTC 2026
// 重构日志: 82c150e2
// 重构日志: 9efa13c2
// 重构日志: edfaabe5
// 重构日志: 381e9165
// 重构日志: 28f4b5bb
// 重构日志: 50bf4ce6
// 重构日志: afb5adbb
// 重构日志: f331d58e
// 重构日志: 294fd7b0
// 同步 ID: e1c49d7a @ Tue Jul 28 06:39:27 UTC 2026
// 同步 ID: c3694c56 @ Wed Jul 29 03:51:18 UTC 2026
// 同步 ID: e50919e3 @ Wed Jul 29 15:19:08 UTC 2026
// 同步 ID: cfd09730 @ Wed Jul 29 17:39:33 UTC 2026
// 同步 ID: 34711be3 @ Thu Jul 30 03:50:17 UTC 2026
// 重构日志: fecce657
// 同步 ID: 0e1d70be @ Fri Jul 31 12:13:21 UTC 2026
// 重构日志: 7cb440af
// 重构日志: c90be9b9
// 重构日志: 30159d13
// 同步 ID: 6bcadf05 @ Sun Aug  2 15:10:29 UTC 2026
// 重构日志: e23aee9f
// 同步 ID: 38ef76b1 @ Mon Aug  3 16:13:19 UTC 2026
